imple_test_runner.py
